Copyright 1986-2022 Xilinx, Inc. All Rights Reserved.
-----------------------------------------------------------------------------------------------------------------------------------------------------------------------------------------
| Tool Version : Vivado v.2022.2 (win64) Build 3671981 Fri Oct 14 05:00:03 MDT 2022
| Date         : Wed May 10 11:03:11 2023
| Host         : DESKTOP-26ONRPF running 64-bit major release  (build 9200)
| Command      : report_methodology -file PWM_BLOCK_wrapper_methodology_drc_routed.rpt -pb PWM_BLOCK_wrapper_methodology_drc_routed.pb -rpx PWM_BLOCK_wrapper_methodology_drc_routed.rpx
| Design       : PWM_BLOCK_wrapper
| Device       : xc7a35tcpg236-1
| Speed File   : -1
| Design State : Fully Routed
-----------------------------------------------------------------------------------------------------------------------------------------------------------------------------------------

Report Methodology

Table of Contents
-----------------
1. REPORT SUMMARY
2. REPORT DETAILS

1. REPORT SUMMARY
-----------------
            Netlist: netlist
          Floorplan: design_1
      Design limits: <entire design considered>
             Max violations: <unlimited>
             Violations found: 268
+-----------+------------------+--------------------------------+------------+
| Rule      | Severity         | Description                    | Violations |
+-----------+------------------+--------------------------------+------------+
| TIMING-17 | Critical Warning | Non-clocked sequential cell    | 243        |
| TIMING-18 | Warning          | Missing input or output delay  | 3          |
| TIMING-20 | Warning          | Non-clocked latch              | 21         |
| LATCH-1   | Advisory         | Existing latches in the design | 1          |
+-----------+------------------+--------------------------------+------------+

2. REPORT DETAILS
-----------------
TIMING-17#1 Critical Warning
Non-clocked sequential cell  
The clock pin PWM_BLOCK_i/BlockRAM_0/U0/DataOut_reg[0]/C is not reached by a timing clock
Related violations: <none>

TIMING-17#2 Critical Warning
Non-clocked sequential cell  
The clock pin PWM_BLOCK_i/BlockRAM_0/U0/DataOut_reg[1]/C is not reached by a timing clock
Related violations: <none>

TIMING-17#3 Critical Warning
Non-clocked sequential cell  
The clock pin PWM_BLOCK_i/BlockRAM_0/U0/DataOut_reg[2]/C is not reached by a timing clock
Related violations: <none>

TIMING-17#4 Critical Warning
Non-clocked sequential cell  
The clock pin PWM_BLOCK_i/BlockRAM_0/U0/DataOut_reg[3]/C is not reached by a timing clock
Related violations: <none>

TIMING-17#5 Critical Warning
Non-clocked sequential cell  
The clock pin PWM_BLOCK_i/BlockRAM_0/U0/DataOut_reg[4]/C is not reached by a timing clock
Related violations: <none>

TIMING-17#6 Critical Warning
Non-clocked sequential cell  
The clock pin PWM_BLOCK_i/BlockRAM_0/U0/DataOut_reg[5]/C is not reached by a timing clock
Related violations: <none>

TIMING-17#7 Critical Warning
Non-clocked sequential cell  
The clock pin PWM_BLOCK_i/BlockRAM_0/U0/DataOut_reg[6]/C is not reached by a timing clock
Related violations: <none>

TIMING-17#8 Critical Warning
Non-clocked sequential cell  
The clock pin PWM_BLOCK_i/BlockRAM_0/U0/DataOut_reg[7]/C is not reached by a timing clock
Related violations: <none>

TIMING-17#9 Critical Warning
Non-clocked sequential cell  
The clock pin PWM_BLOCK_i/BlockRAM_0/U0/RAMArray_reg[0][0]/C is not reached by a timing clock
Related violations: <none>

TIMING-17#10 Critical Warning
Non-clocked sequential cell  
The clock pin PWM_BLOCK_i/BlockRAM_0/U0/RAMArray_reg[0][1]/C is not reached by a timing clock
Related violations: <none>

TIMING-17#11 Critical Warning
Non-clocked sequential cell  
The clock pin PWM_BLOCK_i/BlockRAM_0/U0/RAMArray_reg[0][2]/C is not reached by a timing clock
Related violations: <none>

TIMING-17#12 Critical Warning
Non-clocked sequential cell  
The clock pin PWM_BLOCK_i/BlockRAM_0/U0/RAMArray_reg[0][3]/C is not reached by a timing clock
Related violations: <none>

TIMING-17#13 Critical Warning
Non-clocked sequential cell  
The clock pin PWM_BLOCK_i/BlockRAM_0/U0/RAMArray_reg[0][4]/C is not reached by a timing clock
Related violations: <none>

TIMING-17#14 Critical Warning
Non-clocked sequential cell  
The clock pin PWM_BLOCK_i/BlockRAM_0/U0/RAMArray_reg[0][5]/C is not reached by a timing clock
Related violations: <none>

TIMING-17#15 Critical Warning
Non-clocked sequential cell  
The clock pin PWM_BLOCK_i/BlockRAM_0/U0/RAMArray_reg[0][6]/C is not reached by a timing clock
Related violations: <none>

TIMING-17#16 Critical Warning
Non-clocked sequential cell  
The clock pin PWM_BLOCK_i/BlockRAM_0/U0/RAMArray_reg[0][7]/C is not reached by a timing clock
Related violations: <none>

TIMING-17#17 Critical Warning
Non-clocked sequential cell  
The clock pin PWM_BLOCK_i/BlockRAM_0/U0/RAMArray_reg[13][0]/C is not reached by a timing clock
Related violations: <none>

TIMING-17#18 Critical Warning
Non-clocked sequential cell  
The clock pin PWM_BLOCK_i/BlockRAM_0/U0/RAMArray_reg[13][1]/C is not reached by a timing clock
Related violations: <none>

TIMING-17#19 Critical Warning
Non-clocked sequential cell  
The clock pin PWM_BLOCK_i/BlockRAM_0/U0/RAMArray_reg[13][2]/C is not reached by a timing clock
Related violations: <none>

TIMING-17#20 Critical Warning
Non-clocked sequential cell  
The clock pin PWM_BLOCK_i/BlockRAM_0/U0/RAMArray_reg[13][3]/C is not reached by a timing clock
Related violations: <none>

TIMING-17#21 Critical Warning
Non-clocked sequential cell  
The clock pin PWM_BLOCK_i/BlockRAM_0/U0/RAMArray_reg[13][4]/C is not reached by a timing clock
Related violations: <none>

TIMING-17#22 Critical Warning
Non-clocked sequential cell  
The clock pin PWM_BLOCK_i/BlockRAM_0/U0/RAMArray_reg[13][5]/C is not reached by a timing clock
Related violations: <none>

TIMING-17#23 Critical Warning
Non-clocked sequential cell  
The clock pin PWM_BLOCK_i/BlockRAM_0/U0/RAMArray_reg[13][6]/C is not reached by a timing clock
Related violations: <none>

TIMING-17#24 Critical Warning
Non-clocked sequential cell  
The clock pin PWM_BLOCK_i/BlockRAM_0/U0/RAMArray_reg[13][7]/C is not reached by a timing clock
Related violations: <none>

TIMING-17#25 Critical Warning
Non-clocked sequential cell  
The clock pin PWM_BLOCK_i/BlockRAM_0/U0/RAMArray_reg[14][0]/C is not reached by a timing clock
Related violations: <none>

TIMING-17#26 Critical Warning
Non-clocked sequential cell  
The clock pin PWM_BLOCK_i/BlockRAM_0/U0/RAMArray_reg[14][1]/C is not reached by a timing clock
Related violations: <none>

TIMING-17#27 Critical Warning
Non-clocked sequential cell  
The clock pin PWM_BLOCK_i/BlockRAM_0/U0/RAMArray_reg[14][2]/C is not reached by a timing clock
Related violations: <none>

TIMING-17#28 Critical Warning
Non-clocked sequential cell  
The clock pin PWM_BLOCK_i/BlockRAM_0/U0/RAMArray_reg[14][3]/C is not reached by a timing clock
Related violations: <none>

TIMING-17#29 Critical Warning
Non-clocked sequential cell  
The clock pin PWM_BLOCK_i/BlockRAM_0/U0/RAMArray_reg[14][4]/C is not reached by a timing clock
Related violations: <none>

TIMING-17#30 Critical Warning
Non-clocked sequential cell  
The clock pin PWM_BLOCK_i/BlockRAM_0/U0/RAMArray_reg[14][5]/C is not reached by a timing clock
Related violations: <none>

TIMING-17#31 Critical Warning
Non-clocked sequential cell  
The clock pin PWM_BLOCK_i/BlockRAM_0/U0/RAMArray_reg[14][6]/C is not reached by a timing clock
Related violations: <none>

TIMING-17#32 Critical Warning
Non-clocked sequential cell  
The clock pin PWM_BLOCK_i/BlockRAM_0/U0/RAMArray_reg[14][7]/C is not reached by a timing clock
Related violations: <none>

TIMING-17#33 Critical Warning
Non-clocked sequential cell  
The clock pin PWM_BLOCK_i/BlockRAM_0/U0/RAMArray_reg[15][0]/C is not reached by a timing clock
Related violations: <none>

TIMING-17#34 Critical Warning
Non-clocked sequential cell  
The clock pin PWM_BLOCK_i/BlockRAM_0/U0/RAMArray_reg[15][1]/C is not reached by a timing clock
Related violations: <none>

TIMING-17#35 Critical Warning
Non-clocked sequential cell  
The clock pin PWM_BLOCK_i/BlockRAM_0/U0/RAMArray_reg[15][2]/C is not reached by a timing clock
Related violations: <none>

TIMING-17#36 Critical Warning
Non-clocked sequential cell  
The clock pin PWM_BLOCK_i/BlockRAM_0/U0/RAMArray_reg[15][3]/C is not reached by a timing clock
Related violations: <none>

TIMING-17#37 Critical Warning
Non-clocked sequential cell  
The clock pin PWM_BLOCK_i/BlockRAM_0/U0/RAMArray_reg[15][4]/C is not reached by a timing clock
Related violations: <none>

TIMING-17#38 Critical Warning
Non-clocked sequential cell  
The clock pin PWM_BLOCK_i/BlockRAM_0/U0/RAMArray_reg[15][5]/C is not reached by a timing clock
Related violations: <none>

TIMING-17#39 Critical Warning
Non-clocked sequential cell  
The clock pin PWM_BLOCK_i/BlockRAM_0/U0/RAMArray_reg[15][6]/C is not reached by a timing clock
Related violations: <none>

TIMING-17#40 Critical Warning
Non-clocked sequential cell  
The clock pin PWM_BLOCK_i/BlockRAM_0/U0/RAMArray_reg[15][7]/C is not reached by a timing clock
Related violations: <none>

TIMING-17#41 Critical Warning
Non-clocked sequential cell  
The clock pin PWM_BLOCK_i/BlockRAM_0/U0/RAMArray_reg[16][0]/C is not reached by a timing clock
Related violations: <none>

TIMING-17#42 Critical Warning
Non-clocked sequential cell  
The clock pin PWM_BLOCK_i/BlockRAM_0/U0/RAMArray_reg[16][1]/C is not reached by a timing clock
Related violations: <none>

TIMING-17#43 Critical Warning
Non-clocked sequential cell  
The clock pin PWM_BLOCK_i/BlockRAM_0/U0/RAMArray_reg[16][2]/C is not reached by a timing clock
Related violations: <none>

TIMING-17#44 Critical Warning
Non-clocked sequential cell  
The clock pin PWM_BLOCK_i/BlockRAM_0/U0/RAMArray_reg[16][3]/C is not reached by a timing clock
Related violations: <none>

TIMING-17#45 Critical Warning
Non-clocked sequential cell  
The clock pin PWM_BLOCK_i/BlockRAM_0/U0/RAMArray_reg[16][4]/C is not reached by a timing clock
Related violations: <none>

TIMING-17#46 Critical Warning
Non-clocked sequential cell  
The clock pin PWM_BLOCK_i/BlockRAM_0/U0/RAMArray_reg[16][5]/C is not reached by a timing clock
Related violations: <none>

TIMING-17#47 Critical Warning
Non-clocked sequential cell  
The clock pin PWM_BLOCK_i/BlockRAM_0/U0/RAMArray_reg[16][6]/C is not reached by a timing clock
Related violations: <none>

TIMING-17#48 Critical Warning
Non-clocked sequential cell  
The clock pin PWM_BLOCK_i/BlockRAM_0/U0/RAMArray_reg[16][7]/C is not reached by a timing clock
Related violations: <none>

TIMING-17#49 Critical Warning
Non-clocked sequential cell  
The clock pin PWM_BLOCK_i/BlockRAM_0/U0/RAMArray_reg[17][0]/C is not reached by a timing clock
Related violations: <none>

TIMING-17#50 Critical Warning
Non-clocked sequential cell  
The clock pin PWM_BLOCK_i/BlockRAM_0/U0/RAMArray_reg[17][1]/C is not reached by a timing clock
Related violations: <none>

TIMING-17#51 Critical Warning
Non-clocked sequential cell  
The clock pin PWM_BLOCK_i/BlockRAM_0/U0/RAMArray_reg[17][2]/C is not reached by a timing clock
Related violations: <none>

TIMING-17#52 Critical Warning
Non-clocked sequential cell  
The clock pin PWM_BLOCK_i/BlockRAM_0/U0/RAMArray_reg[17][3]/C is not reached by a timing clock
Related violations: <none>

TIMING-17#53 Critical Warning
Non-clocked sequential cell  
The clock pin PWM_BLOCK_i/BlockRAM_0/U0/RAMArray_reg[17][4]/C is not reached by a timing clock
Related violations: <none>

TIMING-17#54 Critical Warning
Non-clocked sequential cell  
The clock pin PWM_BLOCK_i/BlockRAM_0/U0/RAMArray_reg[17][5]/C is not reached by a timing clock
Related violations: <none>

TIMING-17#55 Critical Warning
Non-clocked sequential cell  
The clock pin PWM_BLOCK_i/BlockRAM_0/U0/RAMArray_reg[17][6]/C is not reached by a timing clock
Related violations: <none>

TIMING-17#56 Critical Warning
Non-clocked sequential cell  
The clock pin PWM_BLOCK_i/BlockRAM_0/U0/RAMArray_reg[17][7]/C is not reached by a timing clock
Related violations: <none>

TIMING-17#57 Critical Warning
Non-clocked sequential cell  
The clock pin PWM_BLOCK_i/BlockRAM_0/U0/RAMArray_reg[18][0]/C is not reached by a timing clock
Related violations: <none>

TIMING-17#58 Critical Warning
Non-clocked sequential cell  
The clock pin PWM_BLOCK_i/BlockRAM_0/U0/RAMArray_reg[18][1]/C is not reached by a timing clock
Related violations: <none>

TIMING-17#59 Critical Warning
Non-clocked sequential cell  
The clock pin PWM_BLOCK_i/BlockRAM_0/U0/RAMArray_reg[18][2]/C is not reached by a timing clock
Related violations: <none>

TIMING-17#60 Critical Warning
Non-clocked sequential cell  
The clock pin PWM_BLOCK_i/BlockRAM_0/U0/RAMArray_reg[18][3]/C is not reached by a timing clock
Related violations: <none>

TIMING-17#61 Critical Warning
Non-clocked sequential cell  
The clock pin PWM_BLOCK_i/BlockRAM_0/U0/RAMArray_reg[18][4]/C is not reached by a timing clock
Related violations: <none>

TIMING-17#62 Critical Warning
Non-clocked sequential cell  
The clock pin PWM_BLOCK_i/BlockRAM_0/U0/RAMArray_reg[18][5]/C is not reached by a timing clock
Related violations: <none>

TIMING-17#63 Critical Warning
Non-clocked sequential cell  
The clock pin PWM_BLOCK_i/BlockRAM_0/U0/RAMArray_reg[18][6]/C is not reached by a timing clock
Related violations: <none>

TIMING-17#64 Critical Warning
Non-clocked sequential cell  
The clock pin PWM_BLOCK_i/BlockRAM_0/U0/RAMArray_reg[18][7]/C is not reached by a timing clock
Related violations: <none>

TIMING-17#65 Critical Warning
Non-clocked sequential cell  
The clock pin PWM_BLOCK_i/BlockRAM_0/U0/RAMArray_reg[19][0]/C is not reached by a timing clock
Related violations: <none>

TIMING-17#66 Critical Warning
Non-clocked sequential cell  
The clock pin PWM_BLOCK_i/BlockRAM_0/U0/RAMArray_reg[19][1]/C is not reached by a timing clock
Related violations: <none>

TIMING-17#67 Critical Warning
Non-clocked sequential cell  
The clock pin PWM_BLOCK_i/BlockRAM_0/U0/RAMArray_reg[19][2]/C is not reached by a timing clock
Related violations: <none>

TIMING-17#68 Critical Warning
Non-clocked sequential cell  
The clock pin PWM_BLOCK_i/BlockRAM_0/U0/RAMArray_reg[19][3]/C is not reached by a timing clock
Related violations: <none>

TIMING-17#69 Critical Warning
Non-clocked sequential cell  
The clock pin PWM_BLOCK_i/BlockRAM_0/U0/RAMArray_reg[19][4]/C is not reached by a timing clock
Related violations: <none>

TIMING-17#70 Critical Warning
Non-clocked sequential cell  
The clock pin PWM_BLOCK_i/BlockRAM_0/U0/RAMArray_reg[19][5]/C is not reached by a timing clock
Related violations: <none>

TIMING-17#71 Critical Warning
Non-clocked sequential cell  
The clock pin PWM_BLOCK_i/BlockRAM_0/U0/RAMArray_reg[19][6]/C is not reached by a timing clock
Related violations: <none>

TIMING-17#72 Critical Warning
Non-clocked sequential cell  
The clock pin PWM_BLOCK_i/BlockRAM_0/U0/RAMArray_reg[19][7]/C is not reached by a timing clock
Related violations: <none>

TIMING-17#73 Critical Warning
Non-clocked sequential cell  
The clock pin PWM_BLOCK_i/BlockRAM_0/U0/RAMArray_reg[1][0]/C is not reached by a timing clock
Related violations: <none>

TIMING-17#74 Critical Warning
Non-clocked sequential cell  
The clock pin PWM_BLOCK_i/BlockRAM_0/U0/RAMArray_reg[1][1]/C is not reached by a timing clock
Related violations: <none>

TIMING-17#75 Critical Warning
Non-clocked sequential cell  
The clock pin PWM_BLOCK_i/BlockRAM_0/U0/RAMArray_reg[1][2]/C is not reached by a timing clock
Related violations: <none>

TIMING-17#76 Critical Warning
Non-clocked sequential cell  
The clock pin PWM_BLOCK_i/BlockRAM_0/U0/RAMArray_reg[1][3]/C is not reached by a timing clock
Related violations: <none>

TIMING-17#77 Critical Warning
Non-clocked sequential cell  
The clock pin PWM_BLOCK_i/BlockRAM_0/U0/RAMArray_reg[1][4]/C is not reached by a timing clock
Related violations: <none>

TIMING-17#78 Critical Warning
Non-clocked sequential cell  
The clock pin PWM_BLOCK_i/BlockRAM_0/U0/RAMArray_reg[1][5]/C is not reached by a timing clock
Related violations: <none>

TIMING-17#79 Critical Warning
Non-clocked sequential cell  
The clock pin PWM_BLOCK_i/BlockRAM_0/U0/RAMArray_reg[1][6]/C is not reached by a timing clock
Related violations: <none>

TIMING-17#80 Critical Warning
Non-clocked sequential cell  
The clock pin PWM_BLOCK_i/BlockRAM_0/U0/RAMArray_reg[1][7]/C is not reached by a timing clock
Related violations: <none>

TIMING-17#81 Critical Warning
Non-clocked sequential cell  
The clock pin PWM_BLOCK_i/BlockRAM_0/U0/RAMArray_reg[20][0]/C is not reached by a timing clock
Related violations: <none>

TIMING-17#82 Critical Warning
Non-clocked sequential cell  
The clock pin PWM_BLOCK_i/BlockRAM_0/U0/RAMArray_reg[20][1]/C is not reached by a timing clock
Related violations: <none>

TIMING-17#83 Critical Warning
Non-clocked sequential cell  
The clock pin PWM_BLOCK_i/BlockRAM_0/U0/RAMArray_reg[20][2]/C is not reached by a timing clock
Related violations: <none>

TIMING-17#84 Critical Warning
Non-clocked sequential cell  
The clock pin PWM_BLOCK_i/BlockRAM_0/U0/RAMArray_reg[20][3]/C is not reached by a timing clock
Related violations: <none>

TIMING-17#85 Critical Warning
Non-clocked sequential cell  
The clock pin PWM_BLOCK_i/BlockRAM_0/U0/RAMArray_reg[20][4]/C is not reached by a timing clock
Related violations: <none>

TIMING-17#86 Critical Warning
Non-clocked sequential cell  
The clock pin PWM_BLOCK_i/BlockRAM_0/U0/RAMArray_reg[20][5]/C is not reached by a timing clock
Related violations: <none>

TIMING-17#87 Critical Warning
Non-clocked sequential cell  
The clock pin PWM_BLOCK_i/BlockRAM_0/U0/RAMArray_reg[20][6]/C is not reached by a timing clock
Related violations: <none>

TIMING-17#88 Critical Warning
Non-clocked sequential cell  
The clock pin PWM_BLOCK_i/BlockRAM_0/U0/RAMArray_reg[20][7]/C is not reached by a timing clock
Related violations: <none>

TIMING-17#89 Critical Warning
Non-clocked sequential cell  
The clock pin PWM_BLOCK_i/BlockRAM_0/U0/RAMArray_reg[21][0]/C is not reached by a timing clock
Related violations: <none>

TIMING-17#90 Critical Warning
Non-clocked sequential cell  
The clock pin PWM_BLOCK_i/BlockRAM_0/U0/RAMArray_reg[21][1]/C is not reached by a timing clock
Related violations: <none>

TIMING-17#91 Critical Warning
Non-clocked sequential cell  
The clock pin PWM_BLOCK_i/BlockRAM_0/U0/RAMArray_reg[21][2]/C is not reached by a timing clock
Related violations: <none>

TIMING-17#92 Critical Warning
Non-clocked sequential cell  
The clock pin PWM_BLOCK_i/BlockRAM_0/U0/RAMArray_reg[21][3]/C is not reached by a timing clock
Related violations: <none>

TIMING-17#93 Critical Warning
Non-clocked sequential cell  
The clock pin PWM_BLOCK_i/BlockRAM_0/U0/RAMArray_reg[21][4]/C is not reached by a timing clock
Related violations: <none>

TIMING-17#94 Critical Warning
Non-clocked sequential cell  
The clock pin PWM_BLOCK_i/BlockRAM_0/U0/RAMArray_reg[21][5]/C is not reached by a timing clock
Related violations: <none>

TIMING-17#95 Critical Warning
Non-clocked sequential cell  
The clock pin PWM_BLOCK_i/BlockRAM_0/U0/RAMArray_reg[21][6]/C is not reached by a timing clock
Related violations: <none>

TIMING-17#96 Critical Warning
Non-clocked sequential cell  
The clock pin PWM_BLOCK_i/BlockRAM_0/U0/RAMArray_reg[21][7]/C is not reached by a timing clock
Related violations: <none>

TIMING-17#97 Critical Warning
Non-clocked sequential cell  
The clock pin PWM_BLOCK_i/BlockRAM_0/U0/RAMArray_reg[22][0]/C is not reached by a timing clock
Related violations: <none>

TIMING-17#98 Critical Warning
Non-clocked sequential cell  
The clock pin PWM_BLOCK_i/BlockRAM_0/U0/RAMArray_reg[22][1]/C is not reached by a timing clock
Related violations: <none>

TIMING-17#99 Critical Warning
Non-clocked sequential cell  
The clock pin PWM_BLOCK_i/BlockRAM_0/U0/RAMArray_reg[22][2]/C is not reached by a timing clock
Related violations: <none>

TIMING-17#100 Critical Warning
Non-clocked sequential cell  
The clock pin PWM_BLOCK_i/BlockRAM_0/U0/RAMArray_reg[22][3]/C is not reached by a timing clock
Related violations: <none>

TIMING-17#101 Critical Warning
Non-clocked sequential cell  
The clock pin PWM_BLOCK_i/BlockRAM_0/U0/RAMArray_reg[22][4]/C is not reached by a timing clock
Related violations: <none>

TIMING-17#102 Critical Warning
Non-clocked sequential cell  
The clock pin PWM_BLOCK_i/BlockRAM_0/U0/RAMArray_reg[22][5]/C is not reached by a timing clock
Related violations: <none>

TIMING-17#103 Critical Warning
Non-clocked sequential cell  
The clock pin PWM_BLOCK_i/BlockRAM_0/U0/RAMArray_reg[22][6]/C is not reached by a timing clock
Related violations: <none>

TIMING-17#104 Critical Warning
Non-clocked sequential cell  
The clock pin PWM_BLOCK_i/BlockRAM_0/U0/RAMArray_reg[22][7]/C is not reached by a timing clock
Related violations: <none>

TIMING-17#105 Critical Warning
Non-clocked sequential cell  
The clock pin PWM_BLOCK_i/BlockRAM_0/U0/RAMArray_reg[23][0]/C is not reached by a timing clock
Related violations: <none>

TIMING-17#106 Critical Warning
Non-clocked sequential cell  
The clock pin PWM_BLOCK_i/BlockRAM_0/U0/RAMArray_reg[23][1]/C is not reached by a timing clock
Related violations: <none>

TIMING-17#107 Critical Warning
Non-clocked sequential cell  
The clock pin PWM_BLOCK_i/BlockRAM_0/U0/RAMArray_reg[23][2]/C is not reached by a timing clock
Related violations: <none>

TIMING-17#108 Critical Warning
Non-clocked sequential cell  
The clock pin PWM_BLOCK_i/BlockRAM_0/U0/RAMArray_reg[23][3]/C is not reached by a timing clock
Related violations: <none>

TIMING-17#109 Critical Warning
Non-clocked sequential cell  
The clock pin PWM_BLOCK_i/BlockRAM_0/U0/RAMArray_reg[23][4]/C is not reached by a timing clock
Related violations: <none>

TIMING-17#110 Critical Warning
Non-clocked sequential cell  
The clock pin PWM_BLOCK_i/BlockRAM_0/U0/RAMArray_reg[23][5]/C is not reached by a timing clock
Related violations: <none>

TIMING-17#111 Critical Warning
Non-clocked sequential cell  
The clock pin PWM_BLOCK_i/BlockRAM_0/U0/RAMArray_reg[23][6]/C is not reached by a timing clock
Related violations: <none>

TIMING-17#112 Critical Warning
Non-clocked sequential cell  
The clock pin PWM_BLOCK_i/BlockRAM_0/U0/RAMArray_reg[23][7]/C is not reached by a timing clock
Related violations: <none>

TIMING-17#113 Critical Warning
Non-clocked sequential cell  
The clock pin PWM_BLOCK_i/BlockRAM_0/U0/RAMArray_reg[24][0]/C is not reached by a timing clock
Related violations: <none>

TIMING-17#114 Critical Warning
Non-clocked sequential cell  
The clock pin PWM_BLOCK_i/BlockRAM_0/U0/RAMArray_reg[24][1]/C is not reached by a timing clock
Related violations: <none>

TIMING-17#115 Critical Warning
Non-clocked sequential cell  
The clock pin PWM_BLOCK_i/BlockRAM_0/U0/RAMArray_reg[24][2]/C is not reached by a timing clock
Related violations: <none>

TIMING-17#116 Critical Warning
Non-clocked sequential cell  
The clock pin PWM_BLOCK_i/BlockRAM_0/U0/RAMArray_reg[24][3]/C is not reached by a timing clock
Related violations: <none>

TIMING-17#117 Critical Warning
Non-clocked sequential cell  
The clock pin PWM_BLOCK_i/BlockRAM_0/U0/RAMArray_reg[24][4]/C is not reached by a timing clock
Related violations: <none>

TIMING-17#118 Critical Warning
Non-clocked sequential cell  
The clock pin PWM_BLOCK_i/BlockRAM_0/U0/RAMArray_reg[24][5]/C is not reached by a timing clock
Related violations: <none>

TIMING-17#119 Critical Warning
Non-clocked sequential cell  
The clock pin PWM_BLOCK_i/BlockRAM_0/U0/RAMArray_reg[24][6]/C is not reached by a timing clock
Related violations: <none>

TIMING-17#120 Critical Warning
Non-clocked sequential cell  
The clock pin PWM_BLOCK_i/BlockRAM_0/U0/RAMArray_reg[24][7]/C is not reached by a timing clock
Related violations: <none>

TIMING-17#121 Critical Warning
Non-clocked sequential cell  
The clock pin PWM_BLOCK_i/BlockRAM_0/U0/RAMArray_reg[25][0]/C is not reached by a timing clock
Related violations: <none>

TIMING-17#122 Critical Warning
Non-clocked sequential cell  
The clock pin PWM_BLOCK_i/BlockRAM_0/U0/RAMArray_reg[25][1]/C is not reached by a timing clock
Related violations: <none>

TIMING-17#123 Critical Warning
Non-clocked sequential cell  
The clock pin PWM_BLOCK_i/BlockRAM_0/U0/RAMArray_reg[25][2]/C is not reached by a timing clock
Related violations: <none>

TIMING-17#124 Critical Warning
Non-clocked sequential cell  
The clock pin PWM_BLOCK_i/BlockRAM_0/U0/RAMArray_reg[25][3]/C is not reached by a timing clock
Related violations: <none>

TIMING-17#125 Critical Warning
Non-clocked sequential cell  
The clock pin PWM_BLOCK_i/BlockRAM_0/U0/RAMArray_reg[25][4]/C is not reached by a timing clock
Related violations: <none>

TIMING-17#126 Critical Warning
Non-clocked sequential cell  
The clock pin PWM_BLOCK_i/BlockRAM_0/U0/RAMArray_reg[25][5]/C is not reached by a timing clock
Related violations: <none>

TIMING-17#127 Critical Warning
Non-clocked sequential cell  
The clock pin PWM_BLOCK_i/BlockRAM_0/U0/RAMArray_reg[25][6]/C is not reached by a timing clock
Related violations: <none>

TIMING-17#128 Critical Warning
Non-clocked sequential cell  
The clock pin PWM_BLOCK_i/BlockRAM_0/U0/RAMArray_reg[25][7]/C is not reached by a timing clock
Related violations: <none>

TIMING-17#129 Critical Warning
Non-clocked sequential cell  
The clock pin PWM_BLOCK_i/BlockRAM_0/U0/RAMArray_reg[26][0]/C is not reached by a timing clock
Related violations: <none>

TIMING-17#130 Critical Warning
Non-clocked sequential cell  
The clock pin PWM_BLOCK_i/BlockRAM_0/U0/RAMArray_reg[26][1]/C is not reached by a timing clock
Related violations: <none>

TIMING-17#131 Critical Warning
Non-clocked sequential cell  
The clock pin PWM_BLOCK_i/BlockRAM_0/U0/RAMArray_reg[26][2]/C is not reached by a timing clock
Related violations: <none>

TIMING-17#132 Critical Warning
Non-clocked sequential cell  
The clock pin PWM_BLOCK_i/BlockRAM_0/U0/RAMArray_reg[26][3]/C is not reached by a timing clock
Related violations: <none>

TIMING-17#133 Critical Warning
Non-clocked sequential cell  
The clock pin PWM_BLOCK_i/BlockRAM_0/U0/RAMArray_reg[26][4]/C is not reached by a timing clock
Related violations: <none>

TIMING-17#134 Critical Warning
Non-clocked sequential cell  
The clock pin PWM_BLOCK_i/BlockRAM_0/U0/RAMArray_reg[26][5]/C is not reached by a timing clock
Related violations: <none>

TIMING-17#135 Critical Warning
Non-clocked sequential cell  
The clock pin PWM_BLOCK_i/BlockRAM_0/U0/RAMArray_reg[26][6]/C is not reached by a timing clock
Related violations: <none>

TIMING-17#136 Critical Warning
Non-clocked sequential cell  
The clock pin PWM_BLOCK_i/BlockRAM_0/U0/RAMArray_reg[26][7]/C is not reached by a timing clock
Related violations: <none>

TIMING-17#137 Critical Warning
Non-clocked sequential cell  
The clock pin PWM_BLOCK_i/BlockRAM_0/U0/RAMArray_reg[27][0]/C is not reached by a timing clock
Related violations: <none>

TIMING-17#138 Critical Warning
Non-clocked sequential cell  
The clock pin PWM_BLOCK_i/BlockRAM_0/U0/RAMArray_reg[27][1]/C is not reached by a timing clock
Related violations: <none>

TIMING-17#139 Critical Warning
Non-clocked sequential cell  
The clock pin PWM_BLOCK_i/BlockRAM_0/U0/RAMArray_reg[27][2]/C is not reached by a timing clock
Related violations: <none>

TIMING-17#140 Critical Warning
Non-clocked sequential cell  
The clock pin PWM_BLOCK_i/BlockRAM_0/U0/RAMArray_reg[27][3]/C is not reached by a timing clock
Related violations: <none>

TIMING-17#141 Critical Warning
Non-clocked sequential cell  
The clock pin PWM_BLOCK_i/BlockRAM_0/U0/RAMArray_reg[27][4]/C is not reached by a timing clock
Related violations: <none>

TIMING-17#142 Critical Warning
Non-clocked sequential cell  
The clock pin PWM_BLOCK_i/BlockRAM_0/U0/RAMArray_reg[27][5]/C is not reached by a timing clock
Related violations: <none>

TIMING-17#143 Critical Warning
Non-clocked sequential cell  
The clock pin PWM_BLOCK_i/BlockRAM_0/U0/RAMArray_reg[27][6]/C is not reached by a timing clock
Related violations: <none>

TIMING-17#144 Critical Warning
Non-clocked sequential cell  
The clock pin PWM_BLOCK_i/BlockRAM_0/U0/RAMArray_reg[27][7]/C is not reached by a timing clock
Related violations: <none>

TIMING-17#145 Critical Warning
Non-clocked sequential cell  
The clock pin PWM_BLOCK_i/BlockRAM_0/U0/RAMArray_reg[29][0]/C is not reached by a timing clock
Related violations: <none>

TIMING-17#146 Critical Warning
Non-clocked sequential cell  
The clock pin PWM_BLOCK_i/BlockRAM_0/U0/RAMArray_reg[29][1]/C is not reached by a timing clock
Related violations: <none>

TIMING-17#147 Critical Warning
Non-clocked sequential cell  
The clock pin PWM_BLOCK_i/BlockRAM_0/U0/RAMArray_reg[29][2]/C is not reached by a timing clock
Related violations: <none>

TIMING-17#148 Critical Warning
Non-clocked sequential cell  
The clock pin PWM_BLOCK_i/BlockRAM_0/U0/RAMArray_reg[29][3]/C is not reached by a timing clock
Related violations: <none>

TIMING-17#149 Critical Warning
Non-clocked sequential cell  
The clock pin PWM_BLOCK_i/BlockRAM_0/U0/RAMArray_reg[29][4]/C is not reached by a timing clock
Related violations: <none>

TIMING-17#150 Critical Warning
Non-clocked sequential cell  
The clock pin PWM_BLOCK_i/BlockRAM_0/U0/RAMArray_reg[29][5]/C is not reached by a timing clock
Related violations: <none>

TIMING-17#151 Critical Warning
Non-clocked sequential cell  
The clock pin PWM_BLOCK_i/BlockRAM_0/U0/RAMArray_reg[29][6]/C is not reached by a timing clock
Related violations: <none>

TIMING-17#152 Critical Warning
Non-clocked sequential cell  
The clock pin PWM_BLOCK_i/BlockRAM_0/U0/RAMArray_reg[29][7]/C is not reached by a timing clock
Related violations: <none>

TIMING-17#153 Critical Warning
Non-clocked sequential cell  
The clock pin PWM_BLOCK_i/BlockRAM_0/U0/RAMArray_reg[2][0]/C is not reached by a timing clock
Related violations: <none>

TIMING-17#154 Critical Warning
Non-clocked sequential cell  
The clock pin PWM_BLOCK_i/BlockRAM_0/U0/RAMArray_reg[2][1]/C is not reached by a timing clock
Related violations: <none>

TIMING-17#155 Critical Warning
Non-clocked sequential cell  
The clock pin PWM_BLOCK_i/BlockRAM_0/U0/RAMArray_reg[2][2]/C is not reached by a timing clock
Related violations: <none>

TIMING-17#156 Critical Warning
Non-clocked sequential cell  
The clock pin PWM_BLOCK_i/BlockRAM_0/U0/RAMArray_reg[2][3]/C is not reached by a timing clock
Related violations: <none>

TIMING-17#157 Critical Warning
Non-clocked sequential cell  
The clock pin PWM_BLOCK_i/BlockRAM_0/U0/RAMArray_reg[2][4]/C is not reached by a timing clock
Related violations: <none>

TIMING-17#158 Critical Warning
Non-clocked sequential cell  
The clock pin PWM_BLOCK_i/BlockRAM_0/U0/RAMArray_reg[2][5]/C is not reached by a timing clock
Related violations: <none>

TIMING-17#159 Critical Warning
Non-clocked sequential cell  
The clock pin PWM_BLOCK_i/BlockRAM_0/U0/RAMArray_reg[2][6]/C is not reached by a timing clock
Related violations: <none>

TIMING-17#160 Critical Warning
Non-clocked sequential cell  
The clock pin PWM_BLOCK_i/BlockRAM_0/U0/RAMArray_reg[2][7]/C is not reached by a timing clock
Related violations: <none>

TIMING-17#161 Critical Warning
Non-clocked sequential cell  
The clock pin PWM_BLOCK_i/BlockRAM_0/U0/RAMArray_reg[30][0]/C is not reached by a timing clock
Related violations: <none>

TIMING-17#162 Critical Warning
Non-clocked sequential cell  
The clock pin PWM_BLOCK_i/BlockRAM_0/U0/RAMArray_reg[30][1]/C is not reached by a timing clock
Related violations: <none>

TIMING-17#163 Critical Warning
Non-clocked sequential cell  
The clock pin PWM_BLOCK_i/BlockRAM_0/U0/RAMArray_reg[30][2]/C is not reached by a timing clock
Related violations: <none>

TIMING-17#164 Critical Warning
Non-clocked sequential cell  
The clock pin PWM_BLOCK_i/BlockRAM_0/U0/RAMArray_reg[30][3]/C is not reached by a timing clock
Related violations: <none>

TIMING-17#165 Critical Warning
Non-clocked sequential cell  
The clock pin PWM_BLOCK_i/BlockRAM_0/U0/RAMArray_reg[30][4]/C is not reached by a timing clock
Related violations: <none>

TIMING-17#166 Critical Warning
Non-clocked sequential cell  
The clock pin PWM_BLOCK_i/BlockRAM_0/U0/RAMArray_reg[30][5]/C is not reached by a timing clock
Related violations: <none>

TIMING-17#167 Critical Warning
Non-clocked sequential cell  
The clock pin PWM_BLOCK_i/BlockRAM_0/U0/RAMArray_reg[30][6]/C is not reached by a timing clock
Related violations: <none>

TIMING-17#168 Critical Warning
Non-clocked sequential cell  
The clock pin PWM_BLOCK_i/BlockRAM_0/U0/RAMArray_reg[30][7]/C is not reached by a timing clock
Related violations: <none>

TIMING-17#169 Critical Warning
Non-clocked sequential cell  
The clock pin PWM_BLOCK_i/BlockRAM_0/U0/RAMArray_reg[31][0]/C is not reached by a timing clock
Related violations: <none>

TIMING-17#170 Critical Warning
Non-clocked sequential cell  
The clock pin PWM_BLOCK_i/BlockRAM_0/U0/RAMArray_reg[31][1]/C is not reached by a timing clock
Related violations: <none>

TIMING-17#171 Critical Warning
Non-clocked sequential cell  
The clock pin PWM_BLOCK_i/BlockRAM_0/U0/RAMArray_reg[31][2]/C is not reached by a timing clock
Related violations: <none>

TIMING-17#172 Critical Warning
Non-clocked sequential cell  
The clock pin PWM_BLOCK_i/BlockRAM_0/U0/RAMArray_reg[31][3]/C is not reached by a timing clock
Related violations: <none>

TIMING-17#173 Critical Warning
Non-clocked sequential cell  
The clock pin PWM_BLOCK_i/BlockRAM_0/U0/RAMArray_reg[31][4]/C is not reached by a timing clock
Related violations: <none>

TIMING-17#174 Critical Warning
Non-clocked sequential cell  
The clock pin PWM_BLOCK_i/BlockRAM_0/U0/RAMArray_reg[31][5]/C is not reached by a timing clock
Related violations: <none>

TIMING-17#175 Critical Warning
Non-clocked sequential cell  
The clock pin PWM_BLOCK_i/BlockRAM_0/U0/RAMArray_reg[31][6]/C is not reached by a timing clock
Related violations: <none>

TIMING-17#176 Critical Warning
Non-clocked sequential cell  
The clock pin PWM_BLOCK_i/BlockRAM_0/U0/RAMArray_reg[31][7]/C is not reached by a timing clock
Related violations: <none>

TIMING-17#177 Critical Warning
Non-clocked sequential cell  
The clock pin PWM_BLOCK_i/BlockRAM_0/U0/RAMArray_reg[3][0]/C is not reached by a timing clock
Related violations: <none>

TIMING-17#178 Critical Warning
Non-clocked sequential cell  
The clock pin PWM_BLOCK_i/BlockRAM_0/U0/RAMArray_reg[3][1]/C is not reached by a timing clock
Related violations: <none>

TIMING-17#179 Critical Warning
Non-clocked sequential cell  
The clock pin PWM_BLOCK_i/BlockRAM_0/U0/RAMArray_reg[3][2]/C is not reached by a timing clock
Related violations: <none>

TIMING-17#180 Critical Warning
Non-clocked sequential cell  
The clock pin PWM_BLOCK_i/BlockRAM_0/U0/RAMArray_reg[3][3]/C is not reached by a timing clock
Related violations: <none>

TIMING-17#181 Critical Warning
Non-clocked sequential cell  
The clock pin PWM_BLOCK_i/BlockRAM_0/U0/RAMArray_reg[3][4]/C is not reached by a timing clock
Related violations: <none>

TIMING-17#182 Critical Warning
Non-clocked sequential cell  
The clock pin PWM_BLOCK_i/BlockRAM_0/U0/RAMArray_reg[3][5]/C is not reached by a timing clock
Related violations: <none>

TIMING-17#183 Critical Warning
Non-clocked sequential cell  
The clock pin PWM_BLOCK_i/BlockRAM_0/U0/RAMArray_reg[3][6]/C is not reached by a timing clock
Related violations: <none>

TIMING-17#184 Critical Warning
Non-clocked sequential cell  
The clock pin PWM_BLOCK_i/BlockRAM_0/U0/RAMArray_reg[3][7]/C is not reached by a timing clock
Related violations: <none>

TIMING-17#185 Critical Warning
Non-clocked sequential cell  
The clock pin PWM_BLOCK_i/BlockRAM_0/U0/RAMArray_reg[4][0]/C is not reached by a timing clock
Related violations: <none>

TIMING-17#186 Critical Warning
Non-clocked sequential cell  
The clock pin PWM_BLOCK_i/BlockRAM_0/U0/RAMArray_reg[4][1]/C is not reached by a timing clock
Related violations: <none>

TIMING-17#187 Critical Warning
Non-clocked sequential cell  
The clock pin PWM_BLOCK_i/BlockRAM_0/U0/RAMArray_reg[4][2]/C is not reached by a timing clock
Related violations: <none>

TIMING-17#188 Critical Warning
Non-clocked sequential cell  
The clock pin PWM_BLOCK_i/BlockRAM_0/U0/RAMArray_reg[4][3]/C is not reached by a timing clock
Related violations: <none>

TIMING-17#189 Critical Warning
Non-clocked sequential cell  
The clock pin PWM_BLOCK_i/BlockRAM_0/U0/RAMArray_reg[4][4]/C is not reached by a timing clock
Related violations: <none>

TIMING-17#190 Critical Warning
Non-clocked sequential cell  
The clock pin PWM_BLOCK_i/BlockRAM_0/U0/RAMArray_reg[4][5]/C is not reached by a timing clock
Related violations: <none>

TIMING-17#191 Critical Warning
Non-clocked sequential cell  
The clock pin PWM_BLOCK_i/BlockRAM_0/U0/RAMArray_reg[4][6]/C is not reached by a timing clock
Related violations: <none>

TIMING-17#192 Critical Warning
Non-clocked sequential cell  
The clock pin PWM_BLOCK_i/BlockRAM_0/U0/RAMArray_reg[4][7]/C is not reached by a timing clock
Related violations: <none>

TIMING-17#193 Critical Warning
Non-clocked sequential cell  
The clock pin PWM_BLOCK_i/BlockRAM_0/U0/RAMArray_reg[5][0]/C is not reached by a timing clock
Related violations: <none>

TIMING-17#194 Critical Warning
Non-clocked sequential cell  
The clock pin PWM_BLOCK_i/BlockRAM_0/U0/RAMArray_reg[5][1]/C is not reached by a timing clock
Related violations: <none>

TIMING-17#195 Critical Warning
Non-clocked sequential cell  
The clock pin PWM_BLOCK_i/BlockRAM_0/U0/RAMArray_reg[5][2]/C is not reached by a timing clock
Related violations: <none>

TIMING-17#196 Critical Warning
Non-clocked sequential cell  
The clock pin PWM_BLOCK_i/BlockRAM_0/U0/RAMArray_reg[5][3]/C is not reached by a timing clock
Related violations: <none>

TIMING-17#197 Critical Warning
Non-clocked sequential cell  
The clock pin PWM_BLOCK_i/BlockRAM_0/U0/RAMArray_reg[5][4]/C is not reached by a timing clock
Related violations: <none>

TIMING-17#198 Critical Warning
Non-clocked sequential cell  
The clock pin PWM_BLOCK_i/BlockRAM_0/U0/RAMArray_reg[5][5]/C is not reached by a timing clock
Related violations: <none>

TIMING-17#199 Critical Warning
Non-clocked sequential cell  
The clock pin PWM_BLOCK_i/BlockRAM_0/U0/RAMArray_reg[5][6]/C is not reached by a timing clock
Related violations: <none>

TIMING-17#200 Critical Warning
Non-clocked sequential cell  
The clock pin PWM_BLOCK_i/BlockRAM_0/U0/RAMArray_reg[5][7]/C is not reached by a timing clock
Related violations: <none>

TIMING-17#201 Critical Warning
Non-clocked sequential cell  
The clock pin PWM_BLOCK_i/BlockRAM_0/U0/RAMArray_reg[6][0]/C is not reached by a timing clock
Related violations: <none>

TIMING-17#202 Critical Warning
Non-clocked sequential cell  
The clock pin PWM_BLOCK_i/BlockRAM_0/U0/RAMArray_reg[6][1]/C is not reached by a timing clock
Related violations: <none>

TIMING-17#203 Critical Warning
Non-clocked sequential cell  
The clock pin PWM_BLOCK_i/BlockRAM_0/U0/RAMArray_reg[6][2]/C is not reached by a timing clock
Related violations: <none>

TIMING-17#204 Critical Warning
Non-clocked sequential cell  
The clock pin PWM_BLOCK_i/BlockRAM_0/U0/RAMArray_reg[6][3]/C is not reached by a timing clock
Related violations: <none>

TIMING-17#205 Critical Warning
Non-clocked sequential cell  
The clock pin PWM_BLOCK_i/BlockRAM_0/U0/RAMArray_reg[6][4]/C is not reached by a timing clock
Related violations: <none>

TIMING-17#206 Critical Warning
Non-clocked sequential cell  
The clock pin PWM_BLOCK_i/BlockRAM_0/U0/RAMArray_reg[6][5]/C is not reached by a timing clock
Related violations: <none>

TIMING-17#207 Critical Warning
Non-clocked sequential cell  
The clock pin PWM_BLOCK_i/BlockRAM_0/U0/RAMArray_reg[6][6]/C is not reached by a timing clock
Related violations: <none>

TIMING-17#208 Critical Warning
Non-clocked sequential cell  
The clock pin PWM_BLOCK_i/BlockRAM_0/U0/RAMArray_reg[6][7]/C is not reached by a timing clock
Related violations: <none>

TIMING-17#209 Critical Warning
Non-clocked sequential cell  
The clock pin PWM_BLOCK_i/BlockRAM_0/U0/RAMArray_reg[7][0]/C is not reached by a timing clock
Related violations: <none>

TIMING-17#210 Critical Warning
Non-clocked sequential cell  
The clock pin PWM_BLOCK_i/BlockRAM_0/U0/RAMArray_reg[7][1]/C is not reached by a timing clock
Related violations: <none>

TIMING-17#211 Critical Warning
Non-clocked sequential cell  
The clock pin PWM_BLOCK_i/BlockRAM_0/U0/RAMArray_reg[7][2]/C is not reached by a timing clock
Related violations: <none>

TIMING-17#212 Critical Warning
Non-clocked sequential cell  
The clock pin PWM_BLOCK_i/BlockRAM_0/U0/RAMArray_reg[7][3]/C is not reached by a timing clock
Related violations: <none>

TIMING-17#213 Critical Warning
Non-clocked sequential cell  
The clock pin PWM_BLOCK_i/BlockRAM_0/U0/RAMArray_reg[7][4]/C is not reached by a timing clock
Related violations: <none>

TIMING-17#214 Critical Warning
Non-clocked sequential cell  
The clock pin PWM_BLOCK_i/BlockRAM_0/U0/RAMArray_reg[7][5]/C is not reached by a timing clock
Related violations: <none>

TIMING-17#215 Critical Warning
Non-clocked sequential cell  
The clock pin PWM_BLOCK_i/BlockRAM_0/U0/RAMArray_reg[7][6]/C is not reached by a timing clock
Related violations: <none>

TIMING-17#216 Critical Warning
Non-clocked sequential cell  
The clock pin PWM_BLOCK_i/BlockRAM_0/U0/RAMArray_reg[7][7]/C is not reached by a timing clock
Related violations: <none>

TIMING-17#217 Critical Warning
Non-clocked sequential cell  
The clock pin PWM_BLOCK_i/BlockRAM_0/U0/RAMArray_reg[8][0]/C is not reached by a timing clock
Related violations: <none>

TIMING-17#218 Critical Warning
Non-clocked sequential cell  
The clock pin PWM_BLOCK_i/BlockRAM_0/U0/RAMArray_reg[8][1]/C is not reached by a timing clock
Related violations: <none>

TIMING-17#219 Critical Warning
Non-clocked sequential cell  
The clock pin PWM_BLOCK_i/BlockRAM_0/U0/RAMArray_reg[8][2]/C is not reached by a timing clock
Related violations: <none>

TIMING-17#220 Critical Warning
Non-clocked sequential cell  
The clock pin PWM_BLOCK_i/BlockRAM_0/U0/RAMArray_reg[8][3]/C is not reached by a timing clock
Related violations: <none>

TIMING-17#221 Critical Warning
Non-clocked sequential cell  
The clock pin PWM_BLOCK_i/BlockRAM_0/U0/RAMArray_reg[8][4]/C is not reached by a timing clock
Related violations: <none>

TIMING-17#222 Critical Warning
Non-clocked sequential cell  
The clock pin PWM_BLOCK_i/BlockRAM_0/U0/RAMArray_reg[8][5]/C is not reached by a timing clock
Related violations: <none>

TIMING-17#223 Critical Warning
Non-clocked sequential cell  
The clock pin PWM_BLOCK_i/BlockRAM_0/U0/RAMArray_reg[8][6]/C is not reached by a timing clock
Related violations: <none>

TIMING-17#224 Critical Warning
Non-clocked sequential cell  
The clock pin PWM_BLOCK_i/BlockRAM_0/U0/RAMArray_reg[8][7]/C is not reached by a timing clock
Related violations: <none>

TIMING-17#225 Critical Warning
Non-clocked sequential cell  
The clock pin PWM_BLOCK_i/I2CMaster_0/U0/BOOT_COUNT_reg[0]/C is not reached by a timing clock
Related violations: <none>

TIMING-17#226 Critical Warning
Non-clocked sequential cell  
The clock pin PWM_BLOCK_i/I2CMaster_0/U0/BOOT_COUNT_reg[1]/C is not reached by a timing clock
Related violations: <none>

TIMING-17#227 Critical Warning
Non-clocked sequential cell  
The clock pin PWM_BLOCK_i/I2CMaster_0/U0/BOOT_DELAY_DIV_reg[0]/C is not reached by a timing clock
Related violations: <none>

TIMING-17#228 Critical Warning
Non-clocked sequential cell  
The clock pin PWM_BLOCK_i/I2CMaster_0/U0/BOOT_DELAY_DIV_reg[1]/C is not reached by a timing clock
Related violations: <none>

TIMING-17#229 Critical Warning
Non-clocked sequential cell  
The clock pin PWM_BLOCK_i/I2CMaster_0/U0/BOOT_DELAY_DIV_reg[2]/C is not reached by a timing clock
Related violations: <none>

TIMING-17#230 Critical Warning
Non-clocked sequential cell  
The clock pin PWM_BLOCK_i/I2CMaster_0/U0/BOOT_DELAY_DIV_reg[3]/C is not reached by a timing clock
Related violations: <none>

TIMING-17#231 Critical Warning
Non-clocked sequential cell  
The clock pin PWM_BLOCK_i/I2CMaster_0/U0/BOOT_DELAY_DIV_reg[4]/C is not reached by a timing clock
Related violations: <none>

TIMING-17#232 Critical Warning
Non-clocked sequential cell  
The clock pin PWM_BLOCK_i/I2CMaster_0/U0/BOOT_DELAY_DIV_reg[5]/C is not reached by a timing clock
Related violations: <none>

TIMING-17#233 Critical Warning
Non-clocked sequential cell  
The clock pin PWM_BLOCK_i/I2CMaster_0/U0/BOOT_DELAY_DIV_reg[6]/C is not reached by a timing clock
Related violations: <none>

TIMING-17#234 Critical Warning
Non-clocked sequential cell  
The clock pin PWM_BLOCK_i/I2CMaster_0/U0/READY_TO_BOOT_reg/C is not reached by a timing clock
Related violations: <none>

TIMING-17#235 Critical Warning
Non-clocked sequential cell  
The clock pin PWM_BLOCK_i/I2CMaster_0/U0/SCL_CLK_INIT_reg/C is not reached by a timing clock
Related violations: <none>

TIMING-17#236 Critical Warning
Non-clocked sequential cell  
The clock pin PWM_BLOCK_i/PWM_TEST_0/U0/pwm_clk_count_reg[0]/C is not reached by a timing clock
Related violations: <none>

TIMING-17#237 Critical Warning
Non-clocked sequential cell  
The clock pin PWM_BLOCK_i/PWM_TEST_0/U0/pwm_clk_count_reg[1]/C is not reached by a timing clock
Related violations: <none>

TIMING-17#238 Critical Warning
Non-clocked sequential cell  
The clock pin PWM_BLOCK_i/PWM_TEST_0/U0/pwm_clk_count_reg[2]/C is not reached by a timing clock
Related violations: <none>

TIMING-17#239 Critical Warning
Non-clocked sequential cell  
The clock pin PWM_BLOCK_i/PWM_TEST_0/U0/pwm_clk_count_reg[3]/C is not reached by a timing clock
Related violations: <none>

TIMING-17#240 Critical Warning
Non-clocked sequential cell  
The clock pin PWM_BLOCK_i/PWM_TEST_0/U0/pwm_clk_count_reg[4]/C is not reached by a timing clock
Related violations: <none>

TIMING-17#241 Critical Warning
Non-clocked sequential cell  
The clock pin PWM_BLOCK_i/PWM_TEST_0/U0/pwm_clk_count_reg[5]/C is not reached by a timing clock
Related violations: <none>

TIMING-17#242 Critical Warning
Non-clocked sequential cell  
The clock pin PWM_BLOCK_i/PWM_TEST_0/U0/pwm_clk_count_reg[6]/C is not reached by a timing clock
Related violations: <none>

TIMING-17#243 Critical Warning
Non-clocked sequential cell  
The clock pin PWM_BLOCK_i/PWM_TEST_0/U0/pwm_clk_count_reg[7]/C is not reached by a timing clock
Related violations: <none>

TIMING-18#1 Warning
Missing input or output delay  
An input delay is missing on EXT_SDA_IO relative to clock(s) clk_in1_0
Related violations: <none>

TIMING-18#2 Warning
Missing input or output delay  
An output delay is missing on DATA_VALID_0 relative to clock(s) clk_in1_0
Related violations: <none>

TIMING-18#3 Warning
Missing input or output delay  
An output delay is missing on SCL_OUTPUT_0 relative to clock(s) clk_in1_0
Related violations: <none>

TIMING-20#1 Warning
Non-clocked latch  
The latch ExtDataIO_IOBUF[0]_inst_i_2 cannot be properly analyzed as its control pin ExtDataIO_IOBUF[0]_inst_i_2/G is not reached by a timing clock
Related violations: <none>

TIMING-20#2 Warning
Non-clocked latch  
The latch ExtDataIO_IOBUF[1]_inst_i_2 cannot be properly analyzed as its control pin ExtDataIO_IOBUF[1]_inst_i_2/G is not reached by a timing clock
Related violations: <none>

TIMING-20#3 Warning
Non-clocked latch  
The latch ExtDataIO_IOBUF[2]_inst_i_2 cannot be properly analyzed as its control pin ExtDataIO_IOBUF[2]_inst_i_2/G is not reached by a timing clock
Related violations: <none>

TIMING-20#4 Warning
Non-clocked latch  
The latch ExtDataIO_IOBUF[3]_inst_i_2 cannot be properly analyzed as its control pin ExtDataIO_IOBUF[3]_inst_i_2/G is not reached by a timing clock
Related violations: <none>

TIMING-20#5 Warning
Non-clocked latch  
The latch ExtDataIO_IOBUF[4]_inst_i_2 cannot be properly analyzed as its control pin ExtDataIO_IOBUF[4]_inst_i_2/G is not reached by a timing clock
Related violations: <none>

TIMING-20#6 Warning
Non-clocked latch  
The latch ExtDataIO_IOBUF[5]_inst_i_2 cannot be properly analyzed as its control pin ExtDataIO_IOBUF[5]_inst_i_2/G is not reached by a timing clock
Related violations: <none>

TIMING-20#7 Warning
Non-clocked latch  
The latch ExtDataIO_IOBUF[6]_inst_i_2 cannot be properly analyzed as its control pin ExtDataIO_IOBUF[6]_inst_i_2/G is not reached by a timing clock
Related violations: <none>

TIMING-20#8 Warning
Non-clocked latch  
The latch ExtDataIO_IOBUF[7]_inst_i_2 cannot be properly analyzed as its control pin ExtDataIO_IOBUF[7]_inst_i_2/G is not reached by a timing clock
Related violations: <none>

TIMING-20#9 Warning
Non-clocked latch  
The latch PWM_BLOCK_i/I2CMaster_0/U0/RW_reg cannot be properly analyzed as its control pin PWM_BLOCK_i/I2CMaster_0/U0/RW_reg/G is not reached by a timing clock
Related violations: <none>

TIMING-20#10 Warning
Non-clocked latch  
The latch PWM_BLOCK_i/I2CMaster_0/U0/SDA_BOOT_reg cannot be properly analyzed as its control pin PWM_BLOCK_i/I2CMaster_0/U0/SDA_BOOT_reg/G is not reached by a timing clock
Related violations: <none>

TIMING-20#11 Warning
Non-clocked latch  
The latch PWM_BLOCK_i/I2CMaster_0/U0/SDA_MODE_reg[5] cannot be properly analyzed as its control pin PWM_BLOCK_i/I2CMaster_0/U0/SDA_MODE_reg[5]/G is not reached by a timing clock
Related violations: <none>

TIMING-20#12 Warning
Non-clocked latch  
The latch PWM_BLOCK_i/I2CMaster_0/U0/SDA_MODE_reg[6] cannot be properly analyzed as its control pin PWM_BLOCK_i/I2CMaster_0/U0/SDA_MODE_reg[6]/G is not reached by a timing clock
Related violations: <none>

TIMING-20#13 Warning
Non-clocked latch  
The latch PWM_BLOCK_i/I2CMaster_0/U0/SDA_MODE_reg[7] cannot be properly analyzed as its control pin PWM_BLOCK_i/I2CMaster_0/U0/SDA_MODE_reg[7]/G is not reached by a timing clock
Related violations: <none>

TIMING-20#14 Warning
Non-clocked latch  
The latch g_tri_state_buf[0].i_tri_state/DataOut_reg cannot be properly analyzed as its control pin g_tri_state_buf[0].i_tri_state/DataOut_reg/G is not reached by a timing clock
Related violations: <none>

TIMING-20#15 Warning
Non-clocked latch  
The latch g_tri_state_buf[1].i_tri_state/DataOut_reg cannot be properly analyzed as its control pin g_tri_state_buf[1].i_tri_state/DataOut_reg/G is not reached by a timing clock
Related violations: <none>

TIMING-20#16 Warning
Non-clocked latch  
The latch g_tri_state_buf[2].i_tri_state/DataOut_reg cannot be properly analyzed as its control pin g_tri_state_buf[2].i_tri_state/DataOut_reg/G is not reached by a timing clock
Related violations: <none>

TIMING-20#17 Warning
Non-clocked latch  
The latch g_tri_state_buf[3].i_tri_state/DataOut_reg cannot be properly analyzed as its control pin g_tri_state_buf[3].i_tri_state/DataOut_reg/G is not reached by a timing clock
Related violations: <none>

TIMING-20#18 Warning
Non-clocked latch  
The latch g_tri_state_buf[4].i_tri_state/DataOut_reg cannot be properly analyzed as its control pin g_tri_state_buf[4].i_tri_state/DataOut_reg/G is not reached by a timing clock
Related violations: <none>

TIMING-20#19 Warning
Non-clocked latch  
The latch g_tri_state_buf[5].i_tri_state/DataOut_reg cannot be properly analyzed as its control pin g_tri_state_buf[5].i_tri_state/DataOut_reg/G is not reached by a timing clock
Related violations: <none>

TIMING-20#20 Warning
Non-clocked latch  
The latch g_tri_state_buf[6].i_tri_state/DataOut_reg cannot be properly analyzed as its control pin g_tri_state_buf[6].i_tri_state/DataOut_reg/G is not reached by a timing clock
Related violations: <none>

TIMING-20#21 Warning
Non-clocked latch  
The latch g_tri_state_buf[7].i_tri_state/DataOut_reg cannot be properly analyzed as its control pin g_tri_state_buf[7].i_tri_state/DataOut_reg/G is not reached by a timing clock
Related violations: <none>

LATCH-1#1 Advisory
Existing latches in the design  
There are 21 latches found in the design. Inferred latches are often the result of HDL coding mistakes, such as incomplete if or case statements.
Related violations: <none>


