#-----------------------------------------------------------
# Vivado v2022.2 (64-bit)
# SW Build 3671981 on Fri Oct 14 05:00:03 MDT 2022
# IP Build 3669848 on Fri Oct 14 08:30:02 MDT 2022
# Start of session at: Tue May 16 08:34:24 2023
# Process ID: 30756
# Current directory: C:/Users/gusta/Documents/Universitetet/P4/Projekt/DataProcessingModule/Nyt lort/GyroData
# Command line: vivado.exe -gui_launcher_event rodinguilauncherevent19364 C:\Users\gusta\Documents\Universitetet\P4\Projekt\DataProcessingModule\Nyt lort\GyroData\GyroData.xpr
# Log file: C:/Users/gusta/Documents/Universitetet/P4/Projekt/DataProcessingModule/Nyt lort/GyroData/vivado.log
# Journal file: C:/Users/gusta/Documents/Universitetet/P4/Projekt/DataProcessingModule/Nyt lort/GyroData\vivado.jou
# Running On: LAPTOP-U9E9QN8R, OS: Windows, CPU Frequency: 3294 MHz, CPU Physical cores: 16, Host memory: 16542 MB
#-----------------------------------------------------------
start_gui
open_project {C:/Users/gusta/Documents/Universitetet/P4/Projekt/DataProcessingModule/Nyt lort/GyroData/GyroData.xpr}
update_compile_order -fileset sources_1
open_bd_design {C:/Users/gusta/Documents/Universitetet/P4/Projekt/DataProcessingModule/Nyt lort/GyroData/GyroData.srcs/sources_1/bd/GyroData/GyroData.bd}
delete_bd_objs [get_bd_nets Data_input_0_1] [get_bd_ports Data_input_0]
delete_bd_objs [get_bd_nets Data_ready_in_0_1] [get_bd_ports Data_ready_in_0]
create_bd_cell -type module -reference FloatToInt FloatToInt_1
delete_bd_objs [get_bd_cells FloatToInt_1]
create_bd_cell -type module -reference FloatToInt FloatToInt_1
delete_bd_objs [get_bd_cells FloatToInt_1]
create_bd_cell -type module -reference IntToFloat IntToFloat_0
connect_bd_net [get_bd_pins IntToFloat_0/Data_output] [get_bd_pins FloatMultiRange_0/Data_input]
connect_bd_net [get_bd_pins IntToFloat_0/Data_ready_out] [get_bd_pins FloatMultiRange_0/Data_ready_in]
connect_bd_net [get_bd_ports Clk_0] [get_bd_pins IntToFloat_0/Clk]
regenerate_bd_layout
update_module_reference GyroData_FloatMultiplikation_0_0
update_module_reference GyroData_FloatMultiRange_0_0
update_module_reference GyroData_Kalddethvadduharlyst_0_0
update_module_reference GyroData_FloatToInt_0_0
update_module_reference GyroData_IntToFloat_0_0
update_compile_order -fileset sources_1
